[2026-09-03T23:20:38.850322+00:00] Output: /content/a100_concurrency_sweep
[2026-09-03T23:20:39.044490+00:00] Starting server PID 55373; progress is in server.log
[2026-09-03T23:21:09.087659+00:00] Still loading/compiling; see server.log
[2026-09-03T23:21:39.125748+00:00] Still loading/compiling; see server.log
[2026-09-03T23:22:00.194032+00:00] Server ready in 81.1s. Keeping server settings fixed.
[2026-09-03T23:22:00.194495+00:00] c0001_r01: concurrency=1, prompts=128, warmups=8
[2026-09-03T23:22:30.202791+00:00] c0001_r01: still running (30s); see client.log
[2026-09-03T23:23:00.209731+00:00] c0001_r01: still running (60s); see client.log
[2026-09-03T23:23:30.216738+00:00] c0001_r01: still running (90s); see client.log
[2026-09-03T23:24:00.223440+00:00] c0001_r01: still running (120s); see client.log
[2026-09-03T23:24:30.230728+00:00] c0001_r01: still running (150s); see client.log
[2026-09-03T23:25:00.237382+00:00] c0001_r01: still running (180s); see client.log
[2026-09-03T23:25:30.243989+00:00] c0001_r01: still running (210s); see client.log
[2026-09-03T23:26:00.250827+00:00] c0001_r01: still running (240s); see client.log
[2026-09-03T23:26:30.257683+00:00] c0001_r01: still running (270s); see client.log
[2026-09-03T23:27:00.264175+00:00] c0001_r01: still running (300s); see client.log
[2026-09-03T23:27:30.270884+00:00] c0001_r01: still running (330s); see client.log
[2026-09-03T23:28:00.277467+00:00] c0001_r01: still running (360s); see client.log
[2026-09-03T23:28:30.284554+00:00] c0001_r01: still running (390s); see client.log
[2026-09-03T23:29:00.291527+00:00] c0001_r01: still running (420s); see client.log
[2026-09-03T23:29:30.298177+00:00] c0001_r01: still running (450s); see client.log
[2026-09-03T23:29:35.815545+00:00] c0001_r01: output=79.2000130870887 tok/s, p95 TTFT=79.70801075052805 ms, p95 TPOT=12.372997510977383 ms
[2026-09-03T23:29:35.817241+00:00] c0008_r01: concurrency=8, prompts=128, warmups=8
[2026-09-03T23:30:05.825538+00:00] c0008_r01: still running (30s); see client.log
[2026-09-03T23:30:35.832468+00:00] c0008_r01: still running (60s); see client.log
[2026-09-03T23:30:53.852645+00:00] c0008_r01: output=554.4856676739745 tok/s, p95 TTFT=519.1755997498146 ms, p95 TPOT=14.115209873335855 ms
[2026-09-03T23:30:53.854609+00:00] c0016_r01: concurrency=16, prompts=128, warmups=16
[2026-09-03T23:31:23.862999+00:00] c0016_r01: still running (30s); see client.log
[2026-09-03T23:31:47.884942+00:00] c0016_r01: output=949.1213962872357 tok/s, p95 TTFT=1027.9587273505967 ms, p95 TPOT=16.457265242744835 ms
[2026-09-03T23:31:47.886961+00:00] c0032_r01: concurrency=32, prompts=256, warmups=32
[2026-09-03T23:32:17.895264+00:00] c0032_r01: still running (30s); see client.log
[2026-09-03T23:32:47.902519+00:00] c0032_r01: still running (60s); see client.log
[2026-09-03T23:32:54.934566+00:00] c0032_r01: output=1459.5854217309932 tok/s, p95 TTFT=1813.1036145000508 ms, p95 TPOT=20.34600624902476 ms
[2026-09-03T23:32:54.936576+00:00] c0064_r01: concurrency=64, prompts=512, warmups=64
[2026-09-03T23:33:24.944747+00:00] c0064_r01: still running (30s); see client.log
[2026-09-03T23:33:54.951862+00:00] c0064_r01: still running (60s); see client.log
[2026-09-03T23:34:24.959351+00:00] c0064_r01: still running (90s); see client.log
[2026-09-03T23:34:28.516312+00:00] c0064_r01: output=1976.5614116267316 tok/s, p95 TTFT=2630.1605251496767 ms, p95 TPOT=30.135452478235475 ms
[2026-09-03T23:34:28.518506+00:00] c0128_r01: concurrency=128, prompts=1024, warmups=128
[2026-09-03T23:34:58.526690+00:00] c0128_r01: still running (30s); see client.log
[2026-09-03T23:35:28.533847+00:00] c0128_r01: still running (60s); see client.log
[2026-09-03T23:35:58.540636+00:00] c0128_r01: still running (90s); see client.log
[2026-09-03T23:36:28.547566+00:00] c0128_r01: still running (120s); see client.log
[2026-09-03T23:36:52.667321+00:00] c0128_r01: output=2462.7850174869 tok/s, p95 TTFT=4800.623731998985 ms, p95 TPOT=49.3997368460812 ms
[2026-09-03T23:36:52.669496+00:00] c0256_r01: concurrency=256, prompts=2048, warmups=256
[2026-09-03T23:37:22.677682+00:00] c0256_r01: still running (30s); see client.log
[2026-09-03T23:37:52.684964+00:00] c0256_r01: still running (60s); see client.log
[2026-09-03T23:38:22.692061+00:00] c0256_r01: still running (90s); see client.log
[2026-09-03T23:38:52.699326+00:00] c0256_r01: still running (120s); see client.log
[2026-09-03T23:39:22.706017+00:00] c0256_r01: still running (150s); see client.log
[2026-09-03T23:39:52.712635+00:00] c0256_r01: still running (180s); see client.log
[2026-09-03T23:40:22.719657+00:00] c0256_r01: still running (210s); see client.log
[2026-09-03T23:40:52.726580+00:00] c0256_r01: still running (240s); see client.log
[2026-09-03T23:41:12.453260+00:00] c0256_r01: output=2610.5938485974852 tok/s, p95 TTFT=10136.913978500525 ms, p95 TPOT=94.0397931652949 ms
[2026-09-03T23:41:12.455798+00:00] c0512_r01: concurrency=512, prompts=4096, warmups=256
[2026-09-03T23:41:42.464555+00:00] c0512_r01: still running (30s); see client.log
[2026-09-03T23:42:12.472004+00:00] c0512_r01: still running (60s); see client.log
[2026-09-03T23:42:42.479430+00:00] c0512_r01: still running (90s); see client.log
[2026-09-03T23:43:12.486641+00:00] c0512_r01: still running (120s); see client.log
[2026-09-03T23:43:42.493602+00:00] c0512_r01: still running (150s); see client.log
[2026-09-03T23:44:12.500672+00:00] c0512_r01: still running (180s); see client.log
[2026-09-03T23:44:42.507925+00:00] c0512_r01: still running (210s); see client.log
[2026-09-03T23:45:12.515148+00:00] c0512_r01: still running (240s); see client.log
[2026-09-03T23:45:42.522336+00:00] c0512_r01: still running (270s); see client.log
[2026-09-03T23:46:12.529178+00:00] c0512_r01: still running (300s); see client.log
[2026-09-03T23:46:42.536121+00:00] c0512_r01: still running (330s); see client.log
[2026-09-03T23:47:12.543711+00:00] c0512_r01: still running (360s); see client.log
[2026-09-03T23:47:42.551130+00:00] c0512_r01: still running (390s); see client.log
[2026-09-03T23:48:12.558668+00:00] c0512_r01: still running (420s); see client.log
[2026-09-03T23:48:42.565824+00:00] c0512_r01: still running (450s); see client.log
[2026-09-03T23:49:12.572848+00:00] c0512_r01: still running (480s); see client.log
[2026-09-03T23:49:20.515008+00:00] c0512_r01: output=2568.4357849709613 tok/s, p95 TTFT=27818.587735749134 ms, p95 TPOT=97.04926279999948 ms
[2026-09-03T23:49:21.235805+00:00] Finished: completed. Packaging results.
